There are 126 Subnets in the 'its.unc.edu' domain:

subnet: 10.1.0  records: 1      
subnet: 128.109.36      records: 5
subnet: 152.19.10       records: 2
subnet: 152.19.133      records: 1
subnet: 152.19.139      records: 22
subnet: 152.19.141      records: 1 
subnet: 152.19.159      records: 46
subnet: 152.19.186      records: 1 
subnet: 152.19.187      records: 3 
subnet: 152.19.190      records: 14
subnet: 152.19.196      records: 39
subnet: 152.19.197      records: 107
subnet: 152.19.198      records: 28 
subnet: 152.19.208      records: 3  
subnet: 152.19.209      records: 6  
subnet: 152.19.210      records: 36 
subnet: 152.19.214      records: 1  
subnet: 152.19.216      records: 11 
subnet: 152.19.217      records: 13 
subnet: 152.19.220      records: 5  
subnet: 152.19.222      records: 4  
subnet: 152.19.228      records: 4  
subnet: 152.19.229      records: 4  
subnet: 152.19.230      records: 8  
subnet: 152.19.232      records: 7  
subnet: 152.19.236      records: 14 
subnet: 152.19.240      records: 7  
subnet: 152.19.244      records: 10 
subnet: 152.19.245      records: 7  
subnet: 152.19.250      records: 34 
subnet: 152.19.251      records: 1  
subnet: 152.19.253      records: 18 
subnet: 152.19.255      records: 2  
subnet: 152.2.0 	records: 11         
subnet: 152.2.102       records: 9  
subnet: 152.2.119       records: 1  
subnet: 152.2.145       records: 2  
subnet: 152.2.16        records: 7  
subnet: 152.2.163       records: 6  
subnet: 152.2.177       records: 1  
subnet: 152.2.191       records: 18 
subnet: 152.2.192       records: 246
subnet: 152.2.199       records: 35 
subnet: 152.2.20        records: 66 
subnet: 152.2.200       records: 98 
subnet: 152.2.202       records: 24 
subnet: 152.2.203       records: 97 
subnet: 152.2.204       records: 1  
subnet: 152.2.21        records: 1  
subnet: 152.2.217       records: 25 
subnet: 152.2.22        records: 21 
subnet: 152.2.227       records: 3  
subnet: 152.2.23        records: 3  
subnet: 152.2.234       records: 7  
subnet: 152.2.237       records: 1  
subnet: 152.2.247       records: 16 
subnet: 152.2.253       records: 5  
subnet: 152.2.254       records: 1  
subnet: 152.2.255       records: 2  
subnet: 152.2.28        records: 1  
subnet: 152.2.3 	records: 9          
subnet: 152.2.46        records: 30 
subnet: 152.2.47        records: 10 
subnet: 152.2.59        records: 7  
subnet: 152.2.61        records: 145
subnet: 152.2.79        records: 13 
subnet: 152.2.90        records: 12 
subnet: 152.2.97        records: 29 
subnet: 152.23.192      records: 2  
subnet: 172.22.25       records: 2  
subnet: 172.22.28       records: 1  
subnet: 172.22.38       records: 3  
subnet: 172.23.176      records: 1  
subnet: 172.26.0        records: 8  
subnet: 172.26.100      records: 5  
subnet: 172.26.104      records: 3  
subnet: 172.26.108      records: 4  
subnet: 172.26.128      records: 26 
subnet: 172.26.134      records: 44 
subnet: 172.26.135      records: 23 
subnet: 172.26.136      records: 13 
subnet: 172.26.16       records: 111
subnet: 172.26.17       records: 128
subnet: 172.26.18       records: 87 
subnet: 172.26.21       records: 1  
subnet: 172.26.27       records: 2  
subnet: 172.26.30       records: 6  
subnet: 172.26.31       records: 73 
subnet: 172.26.6        records: 2  
subnet: 172.27.135      records: 1  
subnet: 172.27.153      records: 12 
subnet: 172.27.154      records: 53 
subnet: 172.27.155      records: 24
subnet: 172.27.156      records: 3
subnet: 172.27.159      records: 20
subnet: 172.27.161      records: 1
subnet: 172.27.164      records: 44
subnet: 172.27.167      records: 12
subnet: 172.27.169      records: 1
subnet: 172.27.172      records: 57
subnet: 172.27.174      records: 4
subnet: 172.27.175      records: 1
subnet: 172.27.178      records: 15
subnet: 172.27.198      records: 25
subnet: 172.27.211      records: 12
subnet: 172.27.228      records: 8
subnet: 172.27.234      records: 2
subnet: 172.27.241      records: 9
subnet: 172.27.253      records: 13
subnet: 172.27.42       records: 1
subnet: 172.27.47       records: 8
subnet: 172.27.48       records: 4
subnet: 172.27.49       records: 1
subnet: 172.27.51       records: 1
subnet: 172.28.146      records: 18
subnet: 172.28.210      records: 10
subnet: 172.28.247      records: 1
subnet: 172.29.146      records: 44
subnet: 172.31.183      records: 2
subnet: 172.31.28       records: 4
subnet: 172.31.52       records: 2
subnet: 172.31.70       records: 2
subnet: 172.31.97       records: 2
subnet: 173.236.141     records: 1
subnet: 174.129.78      records: 1
subnet: 204.84.8        records: 2


There are 66 Subnets in the 'isis.unc.edu' domain:

subnet: 127.0.0 records: 1      
subnet: 152.19.133      records: 21
subnet: 152.19.159      records: 5 
subnet: 152.19.196      records: 208
subnet: 152.19.197      records: 124
subnet: 152.19.198      records: 123
subnet: 152.19.208      records: 35 
subnet: 152.19.209      records: 9  
subnet: 152.19.210      records: 54 
subnet: 152.19.217      records: 100
subnet: 152.19.220      records: 107
subnet: 152.19.222      records: 1  
subnet: 152.19.228      records: 58 
subnet: 152.19.229      records: 27 
subnet: 152.19.230      records: 17 
subnet: 152.19.232      records: 4  
subnet: 152.19.233      records: 1  
subnet: 152.19.236      records: 2  
subnet: 152.19.240      records: 62 
subnet: 152.19.243      records: 8  
subnet: 152.19.244      records: 38 
subnet: 152.19.245      records: 7  
subnet: 152.19.248      records: 1  
subnet: 152.2.0 	records: 77         
subnet: 152.2.1 	records: 150        
subnet: 152.2.102       records: 2  
subnet: 152.2.16        records: 28 
subnet: 152.2.163       records: 67 
subnet: 152.2.2 	records: 94         
subnet: 152.2.203       records: 1  
subnet: 152.2.22        records: 16 
subnet: 152.2.224       records: 12 
subnet: 152.2.246       records: 1
subnet: 152.2.26        records: 22
subnet: 152.2.3 	records: 113
subnet: 152.2.46        records: 2
subnet: 172.22.128      records: 2
subnet: 172.22.28       records: 67
subnet: 172.22.38       records: 1
subnet: 172.26.0        records: 8
subnet: 172.26.16       records: 2
subnet: 172.26.30       records: 6
subnet: 172.26.4        records: 49
subnet: 172.26.5        records: 3
subnet: 172.26.6        records: 5
subnet: 172.27.141      records: 28
subnet: 172.27.154      records: 4
subnet: 172.27.169      records: 19
subnet: 172.27.174      records: 1
subnet: 172.27.178      records: 30
subnet: 172.27.188      records: 8
subnet: 172.27.240      records: 41
subnet: 172.27.241      records: 122
subnet: 172.27.42       records: 15
subnet: 172.27.45       records: 4
subnet: 172.27.46       records: 1
subnet: 172.27.47       records: 37
subnet: 172.27.48       records: 32
subnet: 172.27.50       records: 1
subnet: 172.27.51       records: 5
subnet: 172.27.52       records: 1
subnet: 172.28.144      records: 7
subnet: 172.28.145      records: 6
subnet: 172.28.147      records: 9
subnet: 172.29.146      records: 1
subnet: 172.31.92       records: 2


There are 9 Subnets in the 'itcc.unc.edu' domain:

subnet: 152.19.141      records: 49
subnet: 152.2.2 	records: 1
subnet: 152.2.21        records: 2
subnet: 152.2.3 	records: 1
subnet: 152.2.46        records: 1
subnet: 152.2.61        records: 1
subnet: 152.2.80        records: 86
subnet: 172.27.161      records: 4
subnet: 172.27.234      records: 12

